Archive member included to satisfy reference by file (symbol)

/home/TDDI11/sw/lib/elf/mtc.a(mtc.o)
                              main.o (mtc_split)
/home/TDDI11/sw/lib/elf/mtc.a(schedule.o)
                              /home/TDDI11/sw/lib/elf/mtc.a(mtc.o) (_sch_setup)
/home/TDDI11/sw/lib/elf/mtc.a(sema.o)
                              /home/TDDI11/sw/lib/elf/mtc.a(mtc.o) (_sema_setup)
/home/TDDI11/sw/lib/elf/mtc.a(thread.o)
                              /home/TDDI11/sw/lib/elf/mtc.a(schedule.o) (_thr_setup)
/home/TDDI11/sw/lib/elf/mtc.a(abend.o)
                              /home/TDDI11/sw/lib/elf/mtc.a(mtc.o) (_mtc_abend)
/home/TDDI11/sw/lib/elf/mtc.a(context.o)
                              /home/TDDI11/sw/lib/elf/mtc.a(thread.o) (_ctxt_setup)
/home/TDDI11/sw/lib/elf/mtc.a(ll.o)
                              /home/TDDI11/sw/lib/elf/mtc.a(schedule.o) (_ll_setup)
/home/TDDI11/sw/lib/elf/mtc.a(mlist.o)
                              /home/TDDI11/sw/lib/elf/mtc.a(thread.o) (_ml_setup)
/home/TDDI11/sw/lib/elf/mtc.a(msg.o)
                              /home/TDDI11/sw/lib/elf/mtc.a(mlist.o) (_msg_setup)
/home/TDDI11/sw/lib/elf/libepc.a(init-cpu.o)
                              (start)
/home/TDDI11/sw/lib/elf/libepc.a(init-idt.o)
                              main.o (IRQ2INT)
/home/TDDI11/sw/lib/elf/libepc.a(init-crt.o)
                              /home/TDDI11/sw/lib/elf/libepc.a(init-cpu.o) (Init_CRT)
/home/TDDI11/sw/lib/elf/libepc.a(display.o)
                              main.o (SetCursorVisible)
/home/TDDI11/sw/lib/elf/libepc.a(timer.o)
                              main.o (Milliseconds)
/home/TDDI11/sw/lib/elf/libepc.a(init8259.o)
                              /home/TDDI11/sw/lib/elf/libepc.a(init-cpu.o) (Init8259)
/home/TDDI11/sw/lib/elf/libepc.a(init8253.o)
                              /home/TDDI11/sw/lib/elf/libepc.a(init-cpu.o) (Init8253)
/home/TDDI11/sw/lib/elf/libepc.a(heap.o)
                              /home/TDDI11/sw/lib/elf/mtc.a(sema.o) (malloc)
/home/TDDI11/sw/lib/elf/libepc.a(setjmp.o)
                              /home/TDDI11/sw/lib/elf/mtc.a(context.o) (_setjmp)
/home/TDDI11/sw/lib/elf/libepc.a(queue.o)
                              main.o (QueueCreate)
/home/TDDI11/sw/lib/elf/libepc.a(window.o)
                              main.o (WindowCreate)
/home/TDDI11/sw/lib/elf/libepc.a(checkcpu.o)
                              /home/TDDI11/sw/lib/elf/libepc.a(init-cpu.o) (Check_CPU)
/home/TDDI11/sw/lib/elf/libepc.a(io.o)
                              /home/TDDI11/sw/lib/elf/libepc.a(timer.o) (msec)
/home/TDDI11/sw/lib/elf/libepc.a(keyboard.o)
                              outbound.o (ScanCodeRdy)
/home/TDDI11/sw/lib/elf/djgpp/libc.a(ct_flags.o)
                              outbound.o (__dj_ctype_flags)
/home/TDDI11/sw/lib/elf/djgpp/libc.a(memcpy.o)
                              /home/TDDI11/sw/lib/elf/mtc.a(mtc.o) (_memcpy)
/home/TDDI11/sw/lib/elf/djgpp/libc.a(strcpy.o)
                              /home/TDDI11/sw/lib/elf/libepc.a(window.o) (_strcpy)
/home/TDDI11/sw/lib/elf/djgpp/libc.a(strlen.o)
                              /home/TDDI11/sw/lib/elf/libepc.a(window.o) (_strlen)
/home/TDDI11/sw/lib/elf/djgpp/libc.a(disable.o)
                              main.o (disable)
/home/TDDI11/sw/lib/elf/djgpp/libc.a(enable.o)
                              main.o (enable)
/home/TDDI11/sw/lib/elf/djgpp/libc.a(djmd.o)
                              /home/TDDI11/sw/lib/elf/djgpp/libc.a(memcpy.o) (___dj_movedata)

Allocating common symbols
Common symbol       size              file

inbound_queue       0x4               main.o
___Starting_Point__
                    0x4               /home/TDDI11/sw/lib/elf/mtc.a(context.o)

Discarded input sections

 .eh_frame      0x0000000000000000       0xa0 main.o
 .eh_frame      0x0000000000000000       0x38 inbound.o
 .eh_frame      0x0000000000000000       0x38 outbound.o

Memory Configuration

Name             Origin             Length             Attributes
conventional     0x0000000000000000 0x00000000000a0000
reserved         0x00000000000a0000 0x0000000000060000
extended         0x0000000000100000 0x00000000fff00000
*default*        0x0000000000000000 0xffffffffffffffff

Linker script and memory map

LOAD main.o
LOAD serial.o
LOAD inbound.o
LOAD outbound.o
LOAD /home/TDDI11/sw/lib/elf/mtc.a
LOAD /home/TDDI11/sw/lib/elf/libepc.a
LOAD /home/TDDI11/sw/lib/elf/djgpp/libc.a
LOAD /sw/i386-elf-gcc-4.9.0/lib/gcc/i386-elf/4.9.0/libgcc.a

.text           0x0000000000000000     0x7d64
                0x0000000000000000                text_frst = .
 *(.start)
 .start         0x0000000000000000        0x8 /home/TDDI11/sw/lib/elf/libepc.a(init-cpu.o)
                0x0000000000000000                start
 *(.init)
 *(.text)
 .text          0x0000000000000008      0x2c4 main.o
                0x0000000000000008                main
                0x0000000000000033                _mtc_main
                0x00000000000000f7                DisplayElapsedTime
 *fill*         0x00000000000002cc        0x4 
 .text          0x00000000000002d0       0x3d serial.o
                0x00000000000002d0                SerialPut
                0x00000000000002e5                SerialISR
 .text          0x000000000000030d       0x62 inbound.o
                0x000000000000030d                InBound
 .text          0x000000000000036f      0x10a outbound.o
                0x000000000000036f                OutBound
 *fill*         0x0000000000000479        0x3 
 .text          0x000000000000047c     0x10d0 /home/TDDI11/sw/lib/elf/mtc.a(mtc.o)
                0x0000000000000484                mtc_split
                0x00000000000004cc                mtc_stop
                0x00000000000005b4                mtc_yield
                0x0000000000000604                _mtc_setpri
                0x0000000000000704                _mtc_getpri
                0x0000000000000758                _mtc_asend
                0x00000000000007f8                _mtc_send
                0x000000000000095c                _mtc_receive
                0x0000000000000ae8                _mtc_mcount
                0x0000000000000b8c                _mtc_msize
                0x0000000000000c70                _mtc_mpriority
                0x0000000000000d4c                _mtc_mdata
                0x0000000000000df4                _mtc_mtraverse
                0x0000000000000e7c                _mtc_mignore
                0x0000000000000fbc                _mtc_semacreate
                0x0000000000001008                _mtc_semadel
                0x0000000000001054                _mtc_semaset
                0x0000000000001098                _mtc_semareset
                0x00000000000010e4                _mtc_semainvert
                0x0000000000001128                _mtc_semaget
                0x0000000000001140                _mtc_semawait
                0x0000000000001224                _mtc_me
                0x0000000000001268                _mtc_setthreshold
                0x00000000000012b8                _mtc_getthreshold
                0x0000000000001308                _mtc_setcount
                0x0000000000001358                _mtc_getcount
                0x00000000000013a8                _mtc_setuptr
                0x00000000000013f8                _mtc_getuptr
                0x0000000000001514                mtc_entry
 .text          0x000000000000154c      0xe30 /home/TDDI11/sw/lib/elf/mtc.a(schedule.o)
                0x0000000000001558                _sch_setup
                0x00000000000016b0                _sch_takedown
                0x0000000000001798                _sch_split
                0x0000000000001b28                _sch_stop
                0x0000000000001ba4                _sch_yield
                0x0000000000001cac                _sch_whoami
                0x0000000000001cf0                _sch_wait
                0x0000000000001dd8                _sch_resume
                0x0000000000001e68                _sch_norun
                0x000000000000202c                _sch_setthreshold
                0x0000000000002114                _sch_getthreshold
                0x00000000000021f0                _sch_setcount
                0x00000000000022f0                _sch_getcount
 .text          0x000000000000237c      0x630 /home/TDDI11/sw/lib/elf/mtc.a(sema.o)
                0x000000000000246c                _sema_setup
                0x00000000000025a4                _sema_takedown
                0x0000000000002684                _sema_set
                0x0000000000002728                _sema_reset
                0x00000000000027d4                _sema_invert
                0x0000000000002888                _sema_get
                0x00000000000028f0                _sema_wait
 .text          0x00000000000029ac      0x7a0 /home/TDDI11/sw/lib/elf/mtc.a(thread.o)
                0x0000000000002a18                _thr_setup
                0x0000000000002ba8                _thr_takedown
                0x0000000000002c94                _thr_save
                0x0000000000002d54                _thr_restore
                0x0000000000002de0                _thr_setpri
                0x0000000000002e44                _thr_getpri
                0x0000000000002ea8                _thr_mlist
                0x0000000000002f10                _thr_block
                0x0000000000002f80                _thr_unblock
                0x0000000000002ff0                _thr_isblocked
                0x0000000000003060                _thr_setuptr
                0x00000000000030d0                _thr_getuptr
 .text          0x000000000000314c      0x420 /home/TDDI11/sw/lib/elf/mtc.a(abend.o)
                0x0000000000003324                _mtc_abend
 .text          0x000000000000356c      0x510 /home/TDDI11/sw/lib/elf/mtc.a(context.o)
                0x00000000000035cc                _ctxt_setup
                0x000000000000371c                _ctxt_takedown
                0x0000000000003790                _ctxt_save
                0x0000000000003930                _ctxt_restore
 .text          0x0000000000003a7c      0xe40 /home/TDDI11/sw/lib/elf/mtc.a(ll.o)
                0x0000000000003ab4                _ll_setup
                0x0000000000003b88                _ll_takedown
                0x0000000000003c6c                _ll_addleft
                0x0000000000003de4                _ll_addright
                0x0000000000003f60                _ll_delleft
                0x00000000000040d4                _ll_delright
                0x000000000000425c                _ll_count
                0x0000000000004308                _ll_current
                0x00000000000043a0                _ll_start
                0x0000000000004410                _ll_end
                0x000000000000448c                _ll_right
                0x0000000000004534                _ll_left
                0x00000000000045e8                _ll_isstart
                0x00000000000046c0                _ll_isend
                0x00000000000047ac                _ll_save
                0x0000000000004844                _ll_assign
 .text          0x00000000000048bc      0xa60 /home/TDDI11/sw/lib/elf/mtc.a(mlist.o)
                0x00000000000048fc                _ml_setup
                0x00000000000049e0                _ml_takedown
                0x0000000000004b28                _ml_add
                0x0000000000004d34                _ml_flush
                0x0000000000004e34                _ml_dequeue
                0x0000000000004f2c                _ml_count
                0x0000000000004fa4                _ml_traverse
                0x0000000000005118                _ml_sync
                0x0000000000005190                _ml_priority
                0x0000000000005210                _ml_data
                0x0000000000005290                _ml_size
 .text          0x000000000000531c      0x450 /home/TDDI11/sw/lib/elf/mtc.a(msg.o)
                0x000000000000536c                _msg_setup
                0x0000000000005480                _msg_takedown
                0x0000000000005504                _msg_size
                0x00000000000055a4                _msg_sync
                0x0000000000005648                _msg_priority
                0x00000000000056d4                _msg_data
 .text          0x000000000000576c       0x50 /home/TDDI11/sw/lib/elf/libepc.a(init-cpu.o)
                0x000000000000576c                Init_CPU
 .text          0x00000000000057bc      0x5a0 /home/TDDI11/sw/lib/elf/libepc.a(init-idt.o)
                0x0000000000005bcc                IRQ2INT
                0x0000000000005be0                _GetISR
                0x0000000000005c24                SetISR
                0x0000000000005c5c                Init_IDT
 .text          0x0000000000005d5c      0x110 /home/TDDI11/sw/lib/elf/libepc.a(init-crt.o)
                0x0000000000005d5c                Init_CRT
                0x0000000000005d90                _LastMemoryAddress
 .text          0x0000000000005e6c      0x6e0 /home/TDDI11/sw/lib/elf/libepc.a(display.o)
                0x0000000000005e6c                SetCursorVisible
                0x0000000000005ef0                _GetCursorRow
                0x0000000000005f04                _GetCursorCol
                0x0000000000005f18                SetCursorPosition
                0x0000000000005fbc                ClearScreen
                0x0000000000006024                _PutAttb
                0x0000000000006070                _PutCharAt
                0x000000000000609c                _PutChar
                0x0000000000006120                PutString
                0x0000000000006158                PutUnsigned
                0x0000000000006190                FormatUnsigned
                0x0000000000006220                Unsigned2Ascii
                0x00000000000062a4                _Cell
 .text          0x000000000000654c       0xe0 /home/TDDI11/sw/lib/elf/libepc.a(timer.o)
                0x00000000000065d4                Milliseconds
                0x00000000000065f0                Now_Plus
 .text          0x000000000000662c       0xe0 /home/TDDI11/sw/lib/elf/libepc.a(init8259.o)
                0x000000000000662c                Init8259
 .text          0x000000000000670c       0xb0 /home/TDDI11/sw/lib/elf/libepc.a(init8253.o)
                0x000000000000670c                Init8253
 .text          0x00000000000067bc      0x660 /home/TDDI11/sw/lib/elf/libepc.a(heap.o)
                0x00000000000067bc                malloc
                0x0000000000006870                free
 .text          0x0000000000006e1c       0xb0 /home/TDDI11/sw/lib/elf/libepc.a(setjmp.o)
                0x0000000000006e1c                _setjmp
                0x0000000000006e66                _longjmp
 .text          0x0000000000006ecc      0x180 /home/TDDI11/sw/lib/elf/libepc.a(queue.o)
                0x0000000000006ecc                QueueCreate
                0x0000000000006f38                QueueRemove
                0x0000000000006fbc                QueueInsert
 .text          0x000000000000704c      0x600 /home/TDDI11/sw/lib/elf/libepc.a(window.o)
                0x0000000000007050                WindowCreate
                0x0000000000007138                _WindowErase
                0x00000000000071a8                WindowSelect
                0x00000000000071cc                WindowSetCursor
                0x00000000000071fc                WindowPutChar
                0x00000000000072dc                WindowPutString
 .text          0x000000000000764c       0x98 /home/TDDI11/sw/lib/elf/libepc.a(checkcpu.o)
                0x000000000000764c                Check_CPU
 .text          0x00000000000076e4       0x60 /home/TDDI11/sw/lib/elf/libepc.a(io.o)
                0x00000000000076e4                TimerTickISR
                0x00000000000076f0                KeyboardISR
                0x0000000000007710                ISR_PIC1
                0x0000000000007717                ISR_PIC2
                0x0000000000007720                ___main
                0x0000000000007721                inportb
                0x000000000000772b                outportb
                0x000000000000773d                _exit
 .text          0x0000000000007744      0x570 /home/TDDI11/sw/lib/elf/libepc.a(keyboard.o)
                0x0000000000007744                ScanCodeRdy
                0x0000000000007768                GetScanCode
                0x0000000000007798                ScanCode2Ascii
                0x0000000000007958                SetsKybdState
                0x0000000000007b48                Enqueue
 .text          0x0000000000007cb4        0x0 /home/TDDI11/sw/lib/elf/djgpp/libc.a(ct_flags.o)
 .text          0x0000000000007cb4       0x1c /home/TDDI11/sw/lib/elf/djgpp/libc.a(memcpy.o)
                0x0000000000007cb4                _memcpy
 .text          0x0000000000007cd0       0x28 /home/TDDI11/sw/lib/elf/djgpp/libc.a(strcpy.o)
                0x0000000000007cd0                _strcpy
 .text          0x0000000000007cf8       0x24 /home/TDDI11/sw/lib/elf/djgpp/libc.a(strlen.o)
                0x0000000000007cf8                _strlen
 .text          0x0000000000007d1c       0x10 /home/TDDI11/sw/lib/elf/djgpp/libc.a(disable.o)
                0x0000000000007d1c                disable
 .text          0x0000000000007d2c       0x10 /home/TDDI11/sw/lib/elf/djgpp/libc.a(enable.o)
                0x0000000000007d2c                enable
 .text          0x0000000000007d3c       0x28 /home/TDDI11/sw/lib/elf/djgpp/libc.a(djmd.o)
                0x0000000000007d3c                ___dj_movedata
                0x0000000000007d63                text_last = (. - 0x1)

.data           0x0000000000007d64      0x970
                0x0000000000007d64                data_frst = .
 *(.data)
 .data          0x0000000000007d64        0x0 main.o
 .data          0x0000000000007d64        0x1 serial.o
 .data          0x0000000000007d65        0x0 inbound.o
 .data          0x0000000000007d65        0x0 outbound.o
 *fill*         0x0000000000007d65        0x3 
 .data          0x0000000000007d68       0x10 /home/TDDI11/sw/lib/elf/mtc.a(mtc.o)
 .data          0x0000000000007d78       0x10 /home/TDDI11/sw/lib/elf/mtc.a(schedule.o)
 .data          0x0000000000007d88        0x0 /home/TDDI11/sw/lib/elf/mtc.a(sema.o)
 .data          0x0000000000007d88        0x0 /home/TDDI11/sw/lib/elf/mtc.a(thread.o)
 .data          0x0000000000007d88       0x70 /home/TDDI11/sw/lib/elf/mtc.a(abend.o)
                0x0000000000007d88                _MtCAbendFlag
 .data          0x0000000000007df8        0x0 /home/TDDI11/sw/lib/elf/mtc.a(context.o)
 .data          0x0000000000007df8        0x0 /home/TDDI11/sw/lib/elf/mtc.a(ll.o)
 .data          0x0000000000007df8        0x0 /home/TDDI11/sw/lib/elf/mtc.a(mlist.o)
 .data          0x0000000000007df8        0x0 /home/TDDI11/sw/lib/elf/mtc.a(msg.o)
 .data          0x0000000000007df8       0x20 /home/TDDI11/sw/lib/elf/libepc.a(init-cpu.o)
                0x0000000000007e16                code_selector
 .data          0x0000000000007e18       0x90 /home/TDDI11/sw/lib/elf/libepc.a(init-idt.o)
 .data          0x0000000000007ea8       0x10 /home/TDDI11/sw/lib/elf/libepc.a(init-crt.o)
 .data          0x0000000000007eb8       0x30 /home/TDDI11/sw/lib/elf/libepc.a(display.o)
 .data          0x0000000000007ee8       0x10 /home/TDDI11/sw/lib/elf/libepc.a(timer.o)
 .data          0x0000000000007ef8        0x0 /home/TDDI11/sw/lib/elf/libepc.a(init8259.o)
 .data          0x0000000000007ef8        0x0 /home/TDDI11/sw/lib/elf/libepc.a(init8253.o)
 .data          0x0000000000007ef8       0x10 /home/TDDI11/sw/lib/elf/libepc.a(heap.o)
 .data          0x0000000000007f08        0x0 /home/TDDI11/sw/lib/elf/libepc.a(queue.o)
 .data          0x0000000000007f08        0x0 /home/TDDI11/sw/lib/elf/libepc.a(window.o)
 .data          0x0000000000007f08        0xc /home/TDDI11/sw/lib/elf/libepc.a(io.o)
                0x0000000000007f08                msec
                0x0000000000007f0c                old_tick_isr
                0x0000000000007f10                old_kybd_isr
 .data          0x0000000000007f14      0x5a0 /home/TDDI11/sw/lib/elf/libepc.a(keyboard.o)
 .data          0x00000000000084b4      0x204 /home/TDDI11/sw/lib/elf/djgpp/libc.a(ct_flags.o)
                0x00000000000084b4                __dj_ctype_flags
 .data          0x00000000000086b8        0x0 /home/TDDI11/sw/lib/elf/djgpp/libc.a(memcpy.o)
 .data          0x00000000000086b8        0x0 /home/TDDI11/sw/lib/elf/djgpp/libc.a(strcpy.o)
 .data          0x00000000000086b8        0x0 /home/TDDI11/sw/lib/elf/djgpp/libc.a(strlen.o)
 .data          0x00000000000086b8        0x0 /home/TDDI11/sw/lib/elf/djgpp/libc.a(disable.o)
 .data          0x00000000000086b8        0x0 /home/TDDI11/sw/lib/elf/djgpp/libc.a(enable.o)
 .data          0x00000000000086b8        0x0 /home/TDDI11/sw/lib/elf/djgpp/libc.a(djmd.o)
 *(.rodata)
 .rodata        0x00000000000086b8        0xf main.o
 .rodata        0x00000000000086c7        0x7 inbound.o
 .rodata        0x00000000000086ce        0x6 outbound.o
 *(.rodata.str1.1)
 *(.rodata.str1.32)
                0x00000000000086d3                data_last = (. - 0x1)

.bss            0x00000000000086d4      0x878
                0x00000000000086d4                bss_frst = .
 *(.bss)
 .bss           0x00000000000086d4        0x0 main.o
 .bss           0x00000000000086d4        0x0 inbound.o
 .bss           0x00000000000086d4        0x0 outbound.o
 .bss           0x00000000000086d4        0x0 /home/TDDI11/sw/lib/elf/mtc.a(mtc.o)
 .bss           0x00000000000086d4       0x2c /home/TDDI11/sw/lib/elf/mtc.a(schedule.o)
 .bss           0x0000000000008700        0x0 /home/TDDI11/sw/lib/elf/mtc.a(sema.o)
 .bss           0x0000000000008700        0x0 /home/TDDI11/sw/lib/elf/mtc.a(thread.o)
 .bss           0x0000000000008700        0x0 /home/TDDI11/sw/lib/elf/mtc.a(abend.o)
 .bss           0x0000000000008700        0x8 /home/TDDI11/sw/lib/elf/mtc.a(context.o)
 .bss           0x0000000000008708        0x0 /home/TDDI11/sw/lib/elf/mtc.a(ll.o)
 .bss           0x0000000000008708        0x0 /home/TDDI11/sw/lib/elf/mtc.a(mlist.o)
 .bss           0x0000000000008708        0x0 /home/TDDI11/sw/lib/elf/mtc.a(msg.o)
 .bss           0x0000000000008708      0x800 /home/TDDI11/sw/lib/elf/libepc.a(init-idt.o)
 .bss           0x0000000000008f08        0x0 /home/TDDI11/sw/lib/elf/libepc.a(init-crt.o)
 .bss           0x0000000000008f08        0x8 /home/TDDI11/sw/lib/elf/libepc.a(display.o)
 .bss           0x0000000000008f10        0x0 /home/TDDI11/sw/lib/elf/libepc.a(timer.o)
 .bss           0x0000000000008f10        0x0 /home/TDDI11/sw/lib/elf/libepc.a(init8259.o)
 .bss           0x0000000000008f10        0x0 /home/TDDI11/sw/lib/elf/libepc.a(init8253.o)
 .bss           0x0000000000008f10        0x0 /home/TDDI11/sw/lib/elf/libepc.a(heap.o)
 .bss           0x0000000000008f10        0x0 /home/TDDI11/sw/lib/elf/libepc.a(queue.o)
 .bss           0x0000000000008f10        0x0 /home/TDDI11/sw/lib/elf/libepc.a(window.o)
 .bss           0x0000000000008f10       0x34 /home/TDDI11/sw/lib/elf/libepc.a(keyboard.o)
 .bss           0x0000000000008f44        0x0 /home/TDDI11/sw/lib/elf/djgpp/libc.a(ct_flags.o)
 .bss           0x0000000000008f44        0x0 /home/TDDI11/sw/lib/elf/djgpp/libc.a(memcpy.o)
 .bss           0x0000000000008f44        0x0 /home/TDDI11/sw/lib/elf/djgpp/libc.a(strcpy.o)
 .bss           0x0000000000008f44        0x0 /home/TDDI11/sw/lib/elf/djgpp/libc.a(strlen.o)
 .bss           0x0000000000008f44        0x0 /home/TDDI11/sw/lib/elf/djgpp/libc.a(disable.o)
 .bss           0x0000000000008f44        0x0 /home/TDDI11/sw/lib/elf/djgpp/libc.a(enable.o)
 .bss           0x0000000000008f44        0x0 /home/TDDI11/sw/lib/elf/djgpp/libc.a(djmd.o)
 *(COMMON)
 COMMON         0x0000000000008f44        0x4 main.o
                0x0000000000008f44                inbound_queue
 COMMON         0x0000000000008f48        0x4 /home/TDDI11/sw/lib/elf/mtc.a(context.o)
                0x0000000000008f48                ___Starting_Point__
                0x0000000000008f4b                bss_last = (. - 0x1)

/DISCARD/
 *(.eh_frame)
                0x0000000000008f4c                stack_frst = (bss_last + 0x1)
                0x0000000000010f4b                stack_last = (bss_last + 0x8000)
                0x0000000000010f4c                heap_frst = (stack_last + 0x1)
OUTPUT(embedded.bin binary)

.debug_info     0x0000000000000000      0x5ec
 .debug_info    0x0000000000000000      0x2ca main.o
 .debug_info    0x00000000000002ca      0x1bf inbound.o
 .debug_info    0x0000000000000489      0x163 outbound.o

.debug_abbrev   0x0000000000000000      0x2f7
 .debug_abbrev  0x0000000000000000      0x149 main.o
 .debug_abbrev  0x0000000000000149       0xd8 inbound.o
 .debug_abbrev  0x0000000000000221       0xd6 outbound.o

.debug_aranges  0x0000000000000000       0x60
 .debug_aranges
                0x0000000000000000       0x20 main.o
 .debug_aranges
                0x0000000000000020       0x20 inbound.o
 .debug_aranges
                0x0000000000000040       0x20 outbound.o

.debug_line     0x0000000000000000      0x1e0
 .debug_line    0x0000000000000000       0xc4 main.o
 .debug_line    0x00000000000000c4       0x6b inbound.o
 .debug_line    0x000000000000012f       0xb1 outbound.o

.debug_str      0x0000000000000000      0x3fb
 .debug_str     0x0000000000000000      0x1a0 main.o
 .debug_str     0x00000000000001a0      0x141 inbound.o
 .debug_str     0x00000000000002e1      0x11a outbound.o

.comment        0x0000000000000000       0x36
 .comment       0x0000000000000000       0x12 main.o
 .comment       0x0000000000000012       0x12 inbound.o
 .comment       0x0000000000000024       0x12 outbound.o
